[     295ms] [WARNING] Please ensure Intercom is setup and running on client-side! @ https://app.avest.fr/index.1779894461.js:10
[     524ms] [INFO] [Intercom] Launcher is disabled in settings or current page does not match display conditions @ https://js.intercomcdn.com/frame-modern.88eff855.js:0
[   57759ms] [ERROR] Failed to load resource: net::ERR_NETWORK_CHANGED @ https://app.avest.fr/r/i/v0/e/?ip=0&_=1779956061220&ver=1.372.10&compression=gzip-js:0
[  300401ms] [ERROR] Failed to load resource: net::ERR_INTERNET_DISCONNECTED @ https://app.avest.fr/r/flags/?v=2&ip=0&_=1779956318304&ver=1.372.10&compression=base64:0
[  600395ms] [ERROR] Failed to load resource: net::ERR_INTERNET_DISCONNECTED @ https://app.avest.fr/r/flags/?v=2&ip=0&_=1779956618301&ver=1.372.10&compression=base64:0
[  900400ms] [ERROR] Failed to load resource: net::ERR_INTERNET_DISCONNECTED @ https://app.avest.fr/r/flags/?v=2&ip=0&_=1779956918302&ver=1.372.10&compression=base64:0
[ 1200401ms] [ERROR] Failed to load resource: net::ERR_INTERNET_DISCONNECTED @ https://app.avest.fr/r/flags/?v=2&ip=0&_=1779957218303&ver=1.372.10&compression=base64:0
[ 1500396ms] [ERROR] Failed to load resource: net::ERR_INTERNET_DISCONNECTED @ https://app.avest.fr/r/flags/?v=2&ip=0&_=1779957518301&ver=1.372.10&compression=base64:0
[ 1800397ms] [ERROR] Failed to load resource: net::ERR_INTERNET_DISCONNECTED @ https://app.avest.fr/r/flags/?v=2&ip=0&_=1779957818301&ver=1.372.10&compression=base64:0
[ 2100399ms] [ERROR] Failed to load resource: net::ERR_INTERNET_DISCONNECTED @ https://app.avest.fr/r/flags/?v=2&ip=0&_=1779958118301&ver=1.372.10&compression=base64:0
[ 2400400ms] [ERROR] Failed to load resource: net::ERR_INTERNET_DISCONNECTED @ https://app.avest.fr/r/flags/?v=2&ip=0&_=1779958418302&ver=1.372.10&compression=base64:0
[ 2700401ms] [ERROR] Failed to load resource: net::ERR_INTERNET_DISCONNECTED @ https://app.avest.fr/r/flags/?v=2&ip=0&_=1779958718302&ver=1.372.10&compression=base64:0
[ 3000400ms] [ERROR] Failed to load resource: net::ERR_INTERNET_DISCONNECTED @ https://app.avest.fr/r/flags/?v=2&ip=0&_=1779959018302&ver=1.372.10&compression=base64:0
[ 3300403ms] [ERROR] Failed to load resource: net::ERR_INTERNET_DISCONNECTED @ https://app.avest.fr/r/flags/?v=2&ip=0&_=1779959318303&ver=1.372.10&compression=base64:0
[ 3600402ms] [ERROR] Failed to load resource: net::ERR_INTERNET_DISCONNECTED @ https://app.avest.fr/r/flags/?v=2&ip=0&_=1779959618303&ver=1.372.10&compression=base64:0
[ 3888321ms] [ERROR] Failed to load resource: net::ERR_INTERNET_DISCONNECTED @ https://app.avest.fr/r/i/v0/e/?ip=0&_=1779959906221&ver=1.372.10&compression=gzip-js:0
[ 4200399ms] [ERROR] Failed to load resource: net::ERR_INTERNET_DISCONNECTED @ https://app.avest.fr/r/flags/?v=2&ip=0&_=1779960218302&ver=1.372.10&compression=base64:0
[ 4706602ms] [ERROR] Failed to load resource: net::ERR_NETWORK_CHANGED @ https://app.avest.fr/meta.json?cb=1779960723853:0
[ 4706603ms] [ERROR] TypeError: Failed to fetch
    at queryFn (https://app.avest.fr/index.1779894461.js:91:59883)
    at Object.r [as fn] (https://app.avest.fr/index.1779894461.js:10:49504)
    at _ (https://app.avest.fr/index.1779894461.js:10:43962)
    at Object.start (https://app.avest.fr/index.1779894461.js:10:44423)
    at xV.fetch (https://app.avest.fr/index.1779894461.js:10:50313)
    at #h (https://app.avest.fr/index.1779894461.js:10:54922)
    at https://app.avest.fr/index.1779894461.js:10:55537 @ https://app.avest.fr/index.1779894461.js:90
[ 6000399ms] [ERROR] Failed to load resource: net::ERR_INTERNET_DISCONNECTED @ https://app.avest.fr/r/flags/?v=2&ip=0&_=1779962018302&ver=1.372.10&compression=base64:0
[ 6300403ms] [ERROR] Failed to load resource: net::ERR_INTERNET_DISCONNECTED @ https://app.avest.fr/r/flags/?v=2&ip=0&_=1779962318304&ver=1.372.10&compression=base64:0
[ 6600403ms] [ERROR] Failed to load resource: net::ERR_INTERNET_DISCONNECTED @ https://app.avest.fr/r/flags/?v=2&ip=0&_=1779962618305&ver=1.372.10&compression=base64:0
[ 6747680ms] [ERROR] Failed to load resource: net::ERR_NETWORK_CHANGED @ https://api.avest.fr/v1/transaction-activities?filter=%7B%22type%22:%22note%22,%22linkedDocument%22:%7B%22$in%22:%5B%226a17f8c99362c996f6e9711e%22,%226a17f8c836d4a414552724b9%22%5D%7D%7D&sortField=completionDate&sortOrder=descending:0
[ 6747680ms] [ERROR] Failed to load resource: net::ERR_NETWORK_CHANGED @ https://api.avest.fr/v1/acquisition/6a17f8c99362c996f6e9711e/activities?activityView=email:0
[ 6747680ms] [ERROR] Failed to load resource: net::ERR_NETWORK_CHANGED @ https://api.avest.fr/v1/acquisition/6a17f8c99362c996f6e9711e/activities?activityView=files:0
[ 6747680ms] [ERROR] Failed to load resource: net::ERR_NETWORK_CHANGED @ https://api.avest.fr/v1/visit-receipts?filter%5Bacquisition%5D=6a17f8c99362c996f6e9711e:0
[ 6747681ms] [ERROR] Failed to load resource: net::ERR_NETWORK_CHANGED @ https://api.avest.fr/v1/acquisition/6a17f8c99362c996f6e9711e/visits?agencyGroup=69709812c0b6ac9d7a35154f&sortOrder=descending&sortField=lastUpdatedAt:0
[ 6747681ms] [ERROR] Failed to load resource: net::ERR_NETWORK_CHANGED @ https://api.avest.fr/v1/acquisition/6a17f8c99362c996f6e9711e/matching?steps=RDV,DLV,MND,OFR,AGT,MTG,SLD,TARC:0
[ 6747681ms] [ERROR] Failed to load resource: net::ERR_NETWORK_CHANGED @ https://api.avest.fr/v1/acquisition/6a17f8c99362c996f6e9711e/activities?activityView=pinned:0
[ 6747682ms] [ERROR] Failed to load resource: net::ERR_NETWORK_CHANGED @ https://api.avest.fr/v1/acquisition/6a17f8c99362c996f6e9711e/drive-links:0
[ 6747682ms] [ERROR] Failed to load resource: net::ERR_NETWORK_CHANGED @ https://api.avest.fr/v1/acquisition/6a17f8c99362c996f6e9711e/activities?activityView=activitySummary:0
[ 6747682ms] [ERROR] Failed to load resource: net::ERR_NETWORK_CHANGED @ https://api.avest.fr/v1/acquisition/6a17f8c99362c996f6e9711e/next-activities:0
[ 6747682ms] [ERROR] Failed to load resource: net::ERR_NETWORK_CHANGED @ https://api.avest.fr/v1/transactions/search?filter=%7B%7D&agencyGroup=69709812c0b6ac9d7a35154f&search=&saleIds%5B%5D=69e38dbc9ecc67b2d70cc31f&acquisitionIds%5B%5D=6a17e6859bb91d1947b47c38&acquisitionIds%5B%5D=6a17f8c99362c996f6e9711e:0
[ 6747682ms] [ERROR] Failed to load resource: net::ERR_NETWORK_CHANGED @ https://api.avest.fr/v1/acquisition/6a17f8c99362c996f6e9711e/other-projects:0
[ 6747683ms] [ERROR] Failed to load resource: net::ERR_NETWORK_CHANGED @ https://api.avest.fr/v1/acquisition/6a17f8c99362c996f6e9711e:0
[ 6747683ms] [ERROR] Failed to load resource: net::ERR_NETWORK_CHANGED @ https://app.avest.fr/meta.json?cb=1779962765099:0
[ 6747683ms] [ERROR] TypeError: Failed to fetch
    at queryFn (https://app.avest.fr/index.1779894461.js:91:59883)
    at Object.r [as fn] (https://app.avest.fr/index.1779894461.js:10:49504)
    at _ (https://app.avest.fr/index.1779894461.js:10:43962) @ https://app.avest.fr/index.1779894461.js:90
[ 6747685ms] [ERROR] Failed to load resource: net::ERR_NETWORK_CHANGED @ https://api.avest.fr/v1/mailboxes:0
[ 6747685ms] [ERROR] Failed to load resource: net::ERR_NETWORK_CHANGED @ https://api.avest.fr/v1/websites:0
[ 6747685ms] [ERROR] Failed to load resource: net::ERR_NETWORK_CHANGED @ https://api.avest.fr/v1/users?agencies=698cb2ce239dd6ab399bc522:0
[ 6747685ms] [ERROR] Failed to load resource: net::ERR_NETWORK_CHANGED @ https://api.avest.fr/v1/user/698202ef3c7adb8c3df2520a?displayOnly=true:0
[ 6747685ms] [ERROR] Failed to load resource: net::ERR_NETWORK_CHANGED @ https://api.avest.fr/v1/rental-tags?agencies=698cb2ce239dd6ab399bc522:0
[ 6747686ms] [ERROR] Failed to load resource: net::ERR_NETWORK_CHANGED @ https://api.avest.fr/v1/acquisition-tags?agencies=698cb2ce239dd6ab399bc522:0
[ 6747686ms] [ERROR] Failed to load resource: net::ERR_NETWORK_CHANGED @ https://api.avest.fr/v1/agencies?filter=%7B%22isActive%22:true%7D:0
[ 6747686ms] [ERROR] Failed to load resource: net::ERR_NETWORK_CHANGED @ https://api.avest.fr/v1/agency-groups:0
[ 6747686ms] [ERROR] Failed to load resource: net::ERR_NETWORK_CHANGED @ https://api.avest.fr/v1/sale-tags?agencies=698cb2ce239dd6ab399bc522:0
[ 6747686ms] [ERROR] Failed to load resource: net::ERR_NETWORK_CHANGED @ https://api.avest.fr/v1/agency/698cb2ce239dd6ab399bc522:0
[ 6747686ms] [ERROR] Failed to load resource: net::ERR_NETWORK_CHANGED @ https://api.avest.fr/v1/website?agency=698cb2ce239dd6ab399bc522:0
[ 6747687ms] [ERROR] Failed to load resource: net::ERR_NETWORK_CHANGED @ https://api.avest.fr/v1/account:0
[ 6747762ms] [ERROR] Failed to load resource: net::ERR_ADDRESS_UNREACHABLE @ https://api.avest.fr/v1/acquisition/6a17f8c99362c996f6e9711e/drive-links:0
[ 6747762ms] [ERROR] Failed to load resource: net::ERR_ADDRESS_UNREACHABLE @ https://api.avest.fr/v1/acquisition/6a17f8c99362c996f6e9711e:0
[ 6747762ms] [ERROR] Failed to load resource: net::ERR_ADDRESS_UNREACHABLE @ https://api.avest.fr/v1/acquisition/6a17f8c99362c996f6e9711e/other-projects:0
[ 6747762ms] [ERROR] Failed to load resource: net::ERR_ADDRESS_UNREACHABLE @ https://api.avest.fr/v1/transactions/search?filter=%7B%7D&agencyGroup=69709812c0b6ac9d7a35154f&search=&saleIds%5B%5D=69e38dbc9ecc67b2d70cc31f&acquisitionIds%5B%5D=6a17e6859bb91d1947b47c38&acquisitionIds%5B%5D=6a17f8c99362c996f6e9711e:0
[ 6747762ms] [ERROR] Failed to load resource: net::ERR_ADDRESS_UNREACHABLE @ https://api.avest.fr/v1/acquisition/6a17f8c99362c996f6e9711e/next-activities:0
[ 6747762ms] [ERROR] Failed to load resource: net::ERR_ADDRESS_UNREACHABLE @ https://api.avest.fr/v1/acquisition/6a17f8c99362c996f6e9711e/activities?activityView=activitySummary:0
[ 6747762ms] [ERROR] Failed to load resource: net::ERR_ADDRESS_UNREACHABLE @ https://api.avest.fr/v1/acquisition/6a17f8c99362c996f6e9711e/activities?activityView=files:0
[ 6747763ms] [ERROR] There is an error fetching the matching transactions AxiosError: Network Error
    at w.onerror (https://app.avest.fr/index.1779894461.js:85:16122)
    at tu.request (https://app.avest.fr/index.1779894461.js:87:2231)
    at async tu.request (https://app.avest.fr/index.1779894461.js:87:2135)
    at async queryFn (https://app.avest.fr/utils.17798944617.js:1:1167) @ https://app.avest.fr/utils.17798944617.js:0
[ 6747763ms] [ERROR] Failed to load resource: net::ERR_ADDRESS_UNREACHABLE @ https://api.avest.fr/v1/acquisition/6a17f8c99362c996f6e9711e/matching?steps=RDV,DLV,MND,OFR,AGT,MTG,SLD,TARC:0
[ 6747763ms] [ERROR] Failed to load resource: net::ERR_ADDRESS_UNREACHABLE @ https://api.avest.fr/v1/acquisition/6a17f8c99362c996f6e9711e/activities?activityView=pinned:0
[ 6747763ms] [ERROR] Failed to load resource: net::ERR_ADDRESS_UNREACHABLE @ https://api.avest.fr/v1/acquisition/6a17f8c99362c996f6e9711e/visits?agencyGroup=69709812c0b6ac9d7a35154f&sortOrder=descending&sortField=lastUpdatedAt:0
[ 6747763ms] [ERROR] Failed to load resource: net::ERR_ADDRESS_UNREACHABLE @ https://api.avest.fr/v1/visit-receipts?filter%5Bacquisition%5D=6a17f8c99362c996f6e9711e:0
[ 6747763ms] [ERROR] Failed to load resource: net::ERR_ADDRESS_UNREACHABLE @ https://api.avest.fr/v1/transaction-activities?filter=%7B%22type%22:%22note%22,%22linkedDocument%22:%7B%22$in%22:%5B%226a17f8c99362c996f6e9711e%22,%226a17f8c836d4a414552724b9%22%5D%7D%7D&sortField=completionDate&sortOrder=descending:0
[ 6747763ms] [ERROR] Failed to load resource: net::ERR_ADDRESS_UNREACHABLE @ https://api.avest.fr/v1/acquisition/6a17f8c99362c996f6e9711e/activities?activityView=email:0
[ 6747763ms] [ERROR] Failed to load resource: net::ERR_ADDRESS_UNREACHABLE @ https://api.avest.fr/v1/acquisition-tags?agencies=698cb2ce239dd6ab399bc522:0
[ 6747763ms] [ERROR] Failed to load resource: net::ERR_ADDRESS_UNREACHABLE @ https://api.avest.fr/v1/rental-tags?agencies=698cb2ce239dd6ab399bc522:0
[ 6747763ms] [ERROR] AxiosError: Network Error
    at w.onerror (https://app.avest.fr/index.1779894461.js:85:16122) @ https://app.avest.fr/index.1779894461.js:90
[ 6747764ms] [ERROR] Failed to load resource: net::ERR_ADDRESS_UNREACHABLE @ https://api.avest.fr/v1/user/698202ef3c7adb8c3df2520a?displayOnly=true:0
[ 6747764ms] [ERROR] Failed to load resource: net::ERR_ADDRESS_UNREACHABLE @ https://api.avest.fr/v1/users?agencies=698cb2ce239dd6ab399bc522:0
[ 6747764ms] [ERROR] Failed to load resource: net::ERR_ADDRESS_UNREACHABLE @ https://api.avest.fr/v1/websites:0
[ 6747764ms] [ERROR] Failed to load resource: net::ERR_ADDRESS_UNREACHABLE @ https://api.avest.fr/v1/mailboxes:0
[ 6747764ms] [ERROR] Failed to load resource: net::ERR_ADDRESS_UNREACHABLE @ https://api.avest.fr/v1/website?agency=698cb2ce239dd6ab399bc522:0
[ 6747765ms] [ERROR] Failed to load resource: net::ERR_ADDRESS_UNREACHABLE @ https://api.avest.fr/v1/sale-tags?agencies=698cb2ce239dd6ab399bc522:0
[ 6747765ms] [ERROR] Failed to load resource: net::ERR_ADDRESS_UNREACHABLE @ https://api.avest.fr/v1/agency/698cb2ce239dd6ab399bc522:0
[ 6747766ms] [ERROR] Failed to load resource: net::ERR_ADDRESS_UNREACHABLE @ https://api.avest.fr/v1/account:0
[ 6747766ms] [ERROR] Failed to load resource: net::ERR_ADDRESS_UNREACHABLE @ https://api.avest.fr/v1/agencies?filter=%7B%22isActive%22:true%7D:0
[ 6747766ms] [ERROR] AxiosError: Network Error
    at w.onerror (https://app.avest.fr/index.1779894461.js:85:16122) @ https://app.avest.fr/index.1779894461.js:90
[ 6747766ms] [ERROR] Failed to load resource: net::ERR_ADDRESS_UNREACHABLE @ https://api.avest.fr/v1/agency-groups:0
[ 6763154ms] [ERROR] Failed to load resource: net::ERR_NETWORK_CHANGED @ https://api.avest.fr/v1/acquisition/6a17f8c99362c996f6e9711e/activities?activityView=files:0
[ 6763155ms] [ERROR] Failed to load resource: net::ERR_NETWORK_CHANGED @ https://api.avest.fr/v1/visit-receipts?filter%5Bacquisition%5D=6a17f8c99362c996f6e9711e:0
[ 6763155ms] [ERROR] Failed to load resource: net::ERR_NETWORK_CHANGED @ https://api.avest.fr/v1/acquisition/6a17f8c99362c996f6e9711e/visits?agencyGroup=69709812c0b6ac9d7a35154f&sortOrder=descending&sortField=lastUpdatedAt:0
[ 6763155ms] [ERROR] Failed to load resource: net::ERR_NETWORK_CHANGED @ https://api.avest.fr/v1/acquisition/6a17f8c99362c996f6e9711e/matching?steps=RDV,DLV,MND,OFR,AGT,MTG,SLD,TARC:0
[ 6763156ms] [ERROR] Failed to load resource: net::ERR_NETWORK_CHANGED @ https://api.avest.fr/v1/acquisition/6a17f8c99362c996f6e9711e/activities?activityView=pinned:0
[ 6763156ms] [ERROR] Failed to load resource: net::ERR_NETWORK_CHANGED @ https://api.avest.fr/v1/acquisition/6a17f8c99362c996f6e9711e/activities?activityView=activitySummary:0
[ 6763156ms] [ERROR] Failed to load resource: net::ERR_NETWORK_CHANGED @ https://api.avest.fr/v1/acquisition/6a17f8c99362c996f6e9711e/next-activities:0
[ 6763157ms] [ERROR] Failed to load resource: net::ERR_NETWORK_CHANGED @ https://api.avest.fr/v1/acquisition/6a17f8c99362c996f6e9711e/drive-links:0
[ 6763157ms] [ERROR] Failed to load resource: net::ERR_NETWORK_CHANGED @ https://api.avest.fr/v1/transaction-activities?filter=%7B%22type%22:%22note%22,%22linkedDocument%22:%7B%22$in%22:%5B%226a17f8c99362c996f6e9711e%22,%226a17f8c836d4a414552724b9%22%5D%7D%7D&sortField=completionDate&sortOrder=descending:0
[ 6763157ms] [ERROR] Failed to load resource: net::ERR_NETWORK_CHANGED @ https://api.avest.fr/v1/acquisition/6a17f8c99362c996f6e9711e/activities?activityView=email:0
[ 6763158ms] [ERROR] Failed to load resource: net::ERR_NETWORK_CHANGED @ https://api.avest.fr/v1/acquisition/6a17f8c99362c996f6e9711e:0
[ 6763158ms] [ERROR] Failed to load resource: net::ERR_NETWORK_CHANGED @ https://api.avest.fr/v1/transactions/search?filter=%7B%7D&agencyGroup=69709812c0b6ac9d7a35154f&search=&saleIds%5B%5D=69e38dbc9ecc67b2d70cc31f&acquisitionIds%5B%5D=6a17e6859bb91d1947b47c38&acquisitionIds%5B%5D=6a17f8c99362c996f6e9711e:0
[ 6763158ms] [ERROR] Failed to load resource: net::ERR_NETWORK_CHANGED @ https://api.avest.fr/v1/acquisition/6a17f8c99362c996f6e9711e/other-projects:0
[ 6763159ms] [ERROR] Failed to load resource: net::ERR_NETWORK_CHANGED @ https://app.avest.fr/meta.json?cb=1779962770080:0
[ 6763160ms] [ERROR] TypeError: Failed to fetch
    at queryFn (https://app.avest.fr/index.1779894461.js:91:59883)
    at Object.r [as fn] (https://app.avest.fr/index.1779894461.js:10:49504)
    at _ (https://app.avest.fr/index.1779894461.js:10:43962)
    at Object.start (https://app.avest.fr/index.1779894461.js:10:44423)
    at xV.fetch (https://app.avest.fr/index.1779894461.js:10:50313)
    at #h (https://app.avest.fr/index.1779894461.js:10:54922)
    at $V.fetch (https://app.avest.fr/index.1779894461.js:10:54809)
    at $V.refetch (https://app.avest.fr/index.1779894461.js:10:54621)
    at xV.onOnline (https://app.avest.fr/index.1779894461.js:10:48171)
    at https://app.avest.fr/index.1779894461.js:10:66700 @ https://app.avest.fr/index.1779894461.js:90
[ 6763162ms] [ERROR] Failed to load resource: net::ERR_NETWORK_CHANGED @ https://api.avest.fr/v1/websites:0
[ 6763162ms] [ERROR] Failed to load resource: net::ERR_NETWORK_CHANGED @ https://api.avest.fr/v1/mailboxes:0
[ 6763162ms] [ERROR] Failed to load resource: net::ERR_NETWORK_CHANGED @ https://api.avest.fr/v1/agency/698cb2ce239dd6ab399bc522:0
[ 6763163ms] [ERROR] Failed to load resource: net::ERR_NETWORK_CHANGED @ https://api.avest.fr/v1/website?agency=698cb2ce239dd6ab399bc522:0
[ 6763163ms] [ERROR] Failed to load resource: net::ERR_NETWORK_CHANGED @ https://api.avest.fr/v1/agencies?filter=%7B%22isActive%22:true%7D:0
[ 6763163ms] [ERROR] Failed to load resource: net::ERR_NETWORK_CHANGED @ https://api.avest.fr/v1/account:0
[ 6763164ms] [ERROR] Failed to load resource: net::ERR_NETWORK_CHANGED @ https://api.avest.fr/v1/users?agencies=698cb2ce239dd6ab399bc522:0
[ 6763164ms] [ERROR] Failed to load resource: net::ERR_NETWORK_CHANGED @ https://api.avest.fr/v1/sale-tags?agencies=698cb2ce239dd6ab399bc522:0
[ 6763165ms] [ERROR] Failed to load resource: net::ERR_NETWORK_CHANGED @ https://api.avest.fr/v1/acquisition-tags?agencies=698cb2ce239dd6ab399bc522:0
[ 6763165ms] [ERROR] Failed to load resource: net::ERR_NETWORK_CHANGED @ https://api.avest.fr/v1/rental-tags?agencies=698cb2ce239dd6ab399bc522:0
[ 6763165ms] [ERROR] Failed to load resource: net::ERR_NETWORK_CHANGED @ https://api.avest.fr/v1/agency-groups:0
[ 6763165ms] [ERROR] Failed to load resource: net::ERR_NETWORK_CHANGED @ https://api.avest.fr/v1/user/698202ef3c7adb8c3df2520a?displayOnly=true:0
[ 6763233ms] [ERROR] Failed to load resource: net::ERR_ADDRESS_UNREACHABLE @ https://api.avest.fr/v1/acquisition/6a17f8c99362c996f6e9711e/activities?activityView=activitySummary:0
[ 6763234ms] [ERROR] Failed to load resource: net::ERR_ADDRESS_UNREACHABLE @ https://api.avest.fr/v1/transaction-activities?filter=%7B%22type%22:%22note%22,%22linkedDocument%22:%7B%22$in%22:%5B%226a17f8c99362c996f6e9711e%22,%226a17f8c836d4a414552724b9%22%5D%7D%7D&sortField=completionDate&sortOrder=descending:0
[ 6763234ms] [ERROR] Failed to load resource: net::ERR_ADDRESS_UNREACHABLE @ https://api.avest.fr/v1/acquisition/6a17f8c99362c996f6e9711e/drive-links:0
[ 6763234ms] [ERROR] Failed to load resource: net::ERR_ADDRESS_UNREACHABLE @ https://api.avest.fr/v1/acquisition/6a17f8c99362c996f6e9711e/next-activities:0
[ 6763235ms] [ERROR] Failed to load resource: net::ERR_ADDRESS_UNREACHABLE @ https://api.avest.fr/v1/acquisition/6a17f8c99362c996f6e9711e/activities?activityView=pinned:0
[ 6763236ms] [ERROR] There is an error fetching the matching transactions AxiosError: Network Error
    at w.onerror (https://app.avest.fr/index.1779894461.js:85:16122)
    at tu.request (https://app.avest.fr/index.1779894461.js:87:2231)
    at async tu.request (https://app.avest.fr/index.1779894461.js:87:2135)
    at async queryFn (https://app.avest.fr/utils.17798944617.js:1:1167) @ https://app.avest.fr/utils.17798944617.js:0
[ 6763236ms] [ERROR] Failed to load resource: net::ERR_ADDRESS_UNREACHABLE @ https://api.avest.fr/v1/acquisition/6a17f8c99362c996f6e9711e/matching?steps=RDV,DLV,MND,OFR,AGT,MTG,SLD,TARC:0
[ 6763236ms] [ERROR] Failed to load resource: net::ERR_ADDRESS_UNREACHABLE @ https://api.avest.fr/v1/acquisition/6a17f8c99362c996f6e9711e/visits?agencyGroup=69709812c0b6ac9d7a35154f&sortOrder=descending&sortField=lastUpdatedAt:0
[ 6763236ms] [ERROR] Failed to load resource: net::ERR_ADDRESS_UNREACHABLE @ https://api.avest.fr/v1/visit-receipts?filter%5Bacquisition%5D=6a17f8c99362c996f6e9711e:0
[ 6763237ms] [ERROR] Failed to load resource: net::ERR_ADDRESS_UNREACHABLE @ https://api.avest.fr/v1/acquisition/6a17f8c99362c996f6e9711e/activities?activityView=files:0
[ 6763237ms] [ERROR] Failed to load resource: net::ERR_ADDRESS_UNREACHABLE @ https://api.avest.fr/v1/acquisition/6a17f8c99362c996f6e9711e/other-projects:0
[ 6763237ms] [ERROR] Failed to load resource: net::ERR_ADDRESS_UNREACHABLE @ https://api.avest.fr/v1/transactions/search?filter=%7B%7D&agencyGroup=69709812c0b6ac9d7a35154f&search=&saleIds%5B%5D=69e38dbc9ecc67b2d70cc31f&acquisitionIds%5B%5D=6a17e6859bb91d1947b47c38&acquisitionIds%5B%5D=6a17f8c99362c996f6e9711e:0
[ 6763237ms] [ERROR] Failed to load resource: net::ERR_ADDRESS_UNREACHABLE @ https://api.avest.fr/v1/acquisition/6a17f8c99362c996f6e9711e/activities?activityView=email:0
[ 6763237ms] [ERROR] Failed to load resource: net::ERR_ADDRESS_UNREACHABLE @ https://api.avest.fr/v1/users?agencies=698cb2ce239dd6ab399bc522:0
[ 6763238ms] [ERROR] Failed to load resource: net::ERR_ADDRESS_UNREACHABLE @ https://api.avest.fr/v1/account:0
[ 6763238ms] [ERROR] AxiosError: Network Error
    at w.onerror (https://app.avest.fr/index.1779894461.js:85:16122) @ https://app.avest.fr/index.1779894461.js:90
[ 6763238ms] [ERROR] Failed to load resource: net::ERR_ADDRESS_UNREACHABLE @ https://api.avest.fr/v1/user/698202ef3c7adb8c3df2520a?displayOnly=true:0
[ 6763239ms] [ERROR] AxiosError: Network Error
    at w.onerror (https://app.avest.fr/index.1779894461.js:85:16122) @ https://app.avest.fr/index.1779894461.js:90
[ 6763239ms] [ERROR] Failed to load resource: net::ERR_ADDRESS_UNREACHABLE @ https://api.avest.fr/v1/agency-groups:0
[ 6763245ms] [ERROR] Failed to load resource: net::ERR_ADDRESS_UNREACHABLE @ https://api.avest.fr/v1/agencies?filter=%7B%22isActive%22:true%7D:0
[ 6763246ms] [ERROR] Failed to load resource: net::ERR_ADDRESS_UNREACHABLE @ https://api.avest.fr/v1/website?agency=698cb2ce239dd6ab399bc522:0
[ 6763246ms] [ERROR] Failed to load resource: net::ERR_ADDRESS_UNREACHABLE @ https://api.avest.fr/v1/agency/698cb2ce239dd6ab399bc522:0
[ 6763246ms] [ERROR] Failed to load resource: net::ERR_ADDRESS_UNREACHABLE @ https://api.avest.fr/v1/sale-tags?agencies=698cb2ce239dd6ab399bc522:0
[ 6763246ms] [ERROR] Failed to load resource: net::ERR_ADDRESS_UNREACHABLE @ https://api.avest.fr/v1/acquisition-tags?agencies=698cb2ce239dd6ab399bc522:0
[ 6763246ms] [ERROR] Failed to load resource: net::ERR_ADDRESS_UNREACHABLE @ https://api.avest.fr/v1/rental-tags?agencies=698cb2ce239dd6ab399bc522:0
[ 6763246ms] [ERROR] Failed to load resource: net::ERR_ADDRESS_UNREACHABLE @ https://api.avest.fr/v1/mailboxes:0
[ 6763247ms] [ERROR] Failed to load resource: net::ERR_ADDRESS_UNREACHABLE @ https://api.avest.fr/v1/websites:0
[ 6763253ms] [ERROR] Failed to load resource: net::ERR_ADDRESS_UNREACHABLE @ https://api.avest.fr/v1/acquisition/6a17f8c99362c996f6e9711e:0
[ 6774819ms] [ERROR] Failed to load resource: net::ERR_NETWORK_CHANGED @ https://api.avest.fr/v1/acquisition/6a17f8c99362c996f6e9711e/other-projects:0
[ 6774820ms] [ERROR] Failed to load resource: net::ERR_NETWORK_CHANGED @ https://api.avest.fr/v1/transactions/search?filter=%7B%7D&agencyGroup=69709812c0b6ac9d7a35154f&search=&saleIds%5B%5D=69e38dbc9ecc67b2d70cc31f&acquisitionIds%5B%5D=6a17e6859bb91d1947b47c38&acquisitionIds%5B%5D=6a17f8c99362c996f6e9711e:0
[ 6774820ms] [ERROR] Failed to load resource: net::ERR_NETWORK_CHANGED @ https://api.avest.fr/v1/acquisition/6a17f8c99362c996f6e9711e:0
[ 6774821ms] [ERROR] Failed to load resource: net::ERR_NETWORK_CHANGED @ https://api.avest.fr/v1/transaction-activities?filter=%7B%22type%22:%22note%22,%22linkedDocument%22:%7B%22$in%22:%5B%226a17f8c99362c996f6e9711e%22,%226a17f8c836d4a414552724b9%22%5D%7D%7D&sortField=completionDate&sortOrder=descending:0
[ 6774821ms] [ERROR] Failed to load resource: net::ERR_NETWORK_CHANGED @ https://api.avest.fr/v1/acquisition/6a17f8c99362c996f6e9711e/activities?activityView=email:0
[ 6774821ms] [ERROR] Failed to load resource: net::ERR_NETWORK_CHANGED @ https://api.avest.fr/v1/acquisition/6a17f8c99362c996f6e9711e/activities?activityView=files:0
[ 6774821ms] [ERROR] Failed to load resource: net::ERR_NETWORK_CHANGED @ https://api.avest.fr/v1/visit-receipts?filter%5Bacquisition%5D=6a17f8c99362c996f6e9711e:0
[ 6774821ms] [ERROR] Failed to load resource: net::ERR_NETWORK_CHANGED @ https://api.avest.fr/v1/acquisition/6a17f8c99362c996f6e9711e/visits?agencyGroup=69709812c0b6ac9d7a35154f&sortOrder=descending&sortField=lastUpdatedAt:0
[ 6774822ms] [ERROR] Failed to load resource: net::ERR_NETWORK_CHANGED @ https://api.avest.fr/v1/acquisition/6a17f8c99362c996f6e9711e/matching?steps=RDV,DLV,MND,OFR,AGT,MTG,SLD,TARC:0
[ 6774822ms] [ERROR] Failed to load resource: net::ERR_NETWORK_CHANGED @ https://api.avest.fr/v1/acquisition/6a17f8c99362c996f6e9711e/activities?activityView=pinned:0
[ 6774822ms] [ERROR] Failed to load resource: net::ERR_NETWORK_CHANGED @ https://api.avest.fr/v1/acquisition/6a17f8c99362c996f6e9711e/activities?activityView=activitySummary:0
[ 6774822ms] [ERROR] Failed to load resource: net::ERR_NETWORK_CHANGED @ https://api.avest.fr/v1/acquisition/6a17f8c99362c996f6e9711e/drive-links:0
[ 6774822ms] [ERROR] Failed to load resource: net::ERR_NETWORK_CHANGED @ https://api.avest.fr/v1/acquisition/6a17f8c99362c996f6e9711e/next-activities:0
[ 6774822ms] [ERROR] Failed to load resource: net::ERR_NETWORK_CHANGED @ https://app.avest.fr/meta.json?cb=1779962791988:0
[ 6774823ms] [ERROR] TypeError: Failed to fetch
    at queryFn (https://app.avest.fr/index.1779894461.js:91:59883)
    at Object.r [as fn] (https://app.avest.fr/index.1779894461.js:10:49504)
    at _ (https://app.avest.fr/index.1779894461.js:10:43962)
    at Object.start (https://app.avest.fr/index.1779894461.js:10:44423)
    at xV.fetch (https://app.avest.fr/index.1779894461.js:10:50313)
    at #h (https://app.avest.fr/index.1779894461.js:10:54922)
    at $V.fetch (https://app.avest.fr/index.1779894461.js:10:54809)
    at $V.refetch (https://app.avest.fr/index.1779894461.js:10:54621)
    at xV.onOnline (https://app.avest.fr/index.1779894461.js:10:48171)
    at https://app.avest.fr/index.1779894461.js:10:66700 @ https://app.avest.fr/index.1779894461.js:90
[ 6774823ms] [ERROR] Failed to load resource: net::ERR_NETWORK_CHANGED @ https://api.avest.fr/v1/acquisition-tags?agencies=698cb2ce239dd6ab399bc522:0
[ 6774823ms] [ERROR] Failed to load resource: net::ERR_NETWORK_CHANGED @ https://api.avest.fr/v1/sale-tags?agencies=698cb2ce239dd6ab399bc522:0
[ 6774825ms] [ERROR] Failed to load resource: net::ERR_NETWORK_CHANGED @ https://api.avest.fr/v1/rental-tags?agencies=698cb2ce239dd6ab399bc522:0
[ 6774825ms] [ERROR] Failed to load resource: net::ERR_NETWORK_CHANGED @ https://api.avest.fr/v1/mailboxes:0
[ 6774825ms] [ERROR] Failed to load resource: net::ERR_NETWORK_CHANGED @ https://api.avest.fr/v1/websites:0
[ 6774825ms] [ERROR] Failed to load resource: net::ERR_NETWORK_CHANGED @ https://api.avest.fr/v1/agency/698cb2ce239dd6ab399bc522:0
[ 6774826ms] [ERROR] Failed to load resource: net::ERR_NETWORK_CHANGED @ https://api.avest.fr/v1/website?agency=698cb2ce239dd6ab399bc522:0
[ 6774826ms] [ERROR] Failed to load resource: net::ERR_NETWORK_CHANGED @ https://api.avest.fr/v1/account:0
[ 6774826ms] [ERROR] Failed to load resource: net::ERR_NETWORK_CHANGED @ https://api.avest.fr/v1/agencies?filter=%7B%22isActive%22:true%7D:0
[ 6774826ms] [ERROR] Failed to load resource: net::ERR_NETWORK_CHANGED @ https://api.avest.fr/v1/agency-groups:0
[ 6774827ms] [ERROR] Failed to load resource: net::ERR_NETWORK_CHANGED @ https://api.avest.fr/v1/user/698202ef3c7adb8c3df2520a?displayOnly=true:0
[ 6774827ms] [ERROR] Failed to load resource: net::ERR_NETWORK_CHANGED @ https://api.avest.fr/v1/users?agencies=698cb2ce239dd6ab399bc522:0
[ 6774850ms] [ERROR] Failed to load resource: net::ERR_NAME_NOT_RESOLVED @ https://api.avest.fr/v1/agencies?filter=%7B%22isActive%22:true%7D:0
[ 6774851ms] [ERROR] AxiosError: Network Error
    at w.onerror (https://app.avest.fr/index.1779894461.js:85:16122) @ https://app.avest.fr/index.1779894461.js:90
[ 6774851ms] [ERROR] Failed to load resource: net::ERR_NAME_NOT_RESOLVED @ https://api.avest.fr/v1/agency-groups:0
[ 6774851ms] [ERROR] Failed to load resource: net::ERR_NAME_NOT_RESOLVED @ https://api.avest.fr/v1/account:0
[ 6774851ms] [ERROR] AxiosError: Network Error
    at w.onerror (https://app.avest.fr/index.1779894461.js:85:16122) @ https://app.avest.fr/index.1779894461.js:90
[ 6774851ms] [ERROR] Failed to load resource: net::ERR_NAME_NOT_RESOLVED @ https://api.avest.fr/v1/user/698202ef3c7adb8c3df2520a?displayOnly=true:0
[ 6774851ms] [ERROR] Failed to load resource: net::ERR_NAME_NOT_RESOLVED @ https://api.avest.fr/v1/users?agencies=698cb2ce239dd6ab399bc522:0
[ 6774851ms] [ERROR] Failed to load resource: net::ERR_NAME_NOT_RESOLVED @ https://api.avest.fr/v1/acquisition-tags?agencies=698cb2ce239dd6ab399bc522:0
[ 6774854ms] [ERROR] Failed to load resource: net::ERR_NAME_NOT_RESOLVED @ https://api.avest.fr/v1/website?agency=698cb2ce239dd6ab399bc522:0
[ 6774854ms] [ERROR] Failed to load resource: net::ERR_NAME_NOT_RESOLVED @ https://api.avest.fr/v1/agency/698cb2ce239dd6ab399bc522:0
[ 6774856ms] [ERROR] Failed to load resource: net::ERR_NAME_NOT_RESOLVED @ https://api.avest.fr/v1/websites:0
[ 6774857ms] [ERROR] Failed to load resource: net::ERR_NAME_NOT_RESOLVED @ https://api.avest.fr/v1/mailboxes:0
[ 6774857ms] [ERROR] Failed to load resource: net::ERR_NAME_NOT_RESOLVED @ https://api.avest.fr/v1/rental-tags?agencies=698cb2ce239dd6ab399bc522:0
[ 6774859ms] [ERROR] Failed to load resource: net::ERR_NAME_NOT_RESOLVED @ https://api.avest.fr/v1/sale-tags?agencies=698cb2ce239dd6ab399bc522:0
[ 6774859ms] [ERROR] There is an error fetching the matching transactions AxiosError: Network Error
    at w.onerror (https://app.avest.fr/index.1779894461.js:85:16122)
    at tu.request (https://app.avest.fr/index.1779894461.js:87:2231)
    at async tu.request (https://app.avest.fr/index.1779894461.js:87:2135)
    at async queryFn (https://app.avest.fr/utils.17798944617.js:1:1167) @ https://app.avest.fr/utils.17798944617.js:0
[ 6774859ms] [ERROR] Failed to load resource: net::ERR_NAME_NOT_RESOLVED @ https://api.avest.fr/v1/acquisition/6a17f8c99362c996f6e9711e/matching?steps=RDV,DLV,MND,OFR,AGT,MTG,SLD,TARC:0
[ 6774859ms] [ERROR] Failed to load resource: net::ERR_NAME_NOT_RESOLVED @ https://api.avest.fr/v1/acquisition/6a17f8c99362c996f6e9711e/activities?activityView=activitySummary:0
[ 6774859ms] [ERROR] Failed to load resource: net::ERR_NAME_NOT_RESOLVED @ https://api.avest.fr/v1/acquisition/6a17f8c99362c996f6e9711e/drive-links:0
[ 6774860ms] [ERROR] Failed to load resource: net::ERR_NAME_NOT_RESOLVED @ https://api.avest.fr/v1/acquisition/6a17f8c99362c996f6e9711e/activities?activityView=pinned:0
[ 6774860ms] [ERROR] Failed to load resource: net::ERR_NAME_NOT_RESOLVED @ https://api.avest.fr/v1/acquisition/6a17f8c99362c996f6e9711e/next-activities:0
[ 6774860ms] [ERROR] Failed to load resource: net::ERR_NAME_NOT_RESOLVED @ https://api.avest.fr/v1/acquisition/6a17f8c99362c996f6e9711e/visits?agencyGroup=69709812c0b6ac9d7a35154f&sortOrder=descending&sortField=lastUpdatedAt:0
[ 6774860ms] [ERROR] Failed to load resource: net::ERR_NAME_NOT_RESOLVED @ https://api.avest.fr/v1/acquisition/6a17f8c99362c996f6e9711e/activities?activityView=email:0
[ 6774860ms] [ERROR] Failed to load resource: net::ERR_NAME_NOT_RESOLVED @ https://api.avest.fr/v1/transaction-activities?filter=%7B%22type%22:%22note%22,%22linkedDocument%22:%7B%22$in%22:%5B%226a17f8c99362c996f6e9711e%22,%226a17f8c836d4a414552724b9%22%5D%7D%7D&sortField=completionDate&sortOrder=descending:0
[ 6774860ms] [ERROR] Failed to load resource: net::ERR_NAME_NOT_RESOLVED @ https://api.avest.fr/v1/transactions/search?filter=%7B%7D&agencyGroup=69709812c0b6ac9d7a35154f&search=&saleIds%5B%5D=69e38dbc9ecc67b2d70cc31f&acquisitionIds%5B%5D=6a17e6859bb91d1947b47c38&acquisitionIds%5B%5D=6a17f8c99362c996f6e9711e:0
[ 6774860ms] [ERROR] Failed to load resource: net::ERR_NAME_NOT_RESOLVED @ https://api.avest.fr/v1/acquisition/6a17f8c99362c996f6e9711e:0
[ 6774860ms] [ERROR] Failed to load resource: net::ERR_NAME_NOT_RESOLVED @ https://api.avest.fr/v1/acquisition/6a17f8c99362c996f6e9711e/activities?activityView=files:0
[ 6774861ms] [ERROR] Failed to load resource: net::ERR_NAME_NOT_RESOLVED @ https://api.avest.fr/v1/visit-receipts?filter%5Bacquisition%5D=6a17f8c99362c996f6e9711e:0
[ 6774861ms] [ERROR] Failed to load resource: net::ERR_NAME_NOT_RESOLVED @ https://api.avest.fr/v1/acquisition/6a17f8c99362c996f6e9711e/other-projects:0
[ 6822401ms] [ERROR] WebSocket connection to 'wss://nexus-websocket-a.intercom.io/pubsub/5-jMgvCARtjVNb8ZmyvR2t--8zNVPZrtNpFRJ4XQ6gqvB3eGQ3-8uMYg0lZfJfcA4pIHzhCCu0djx-4FXjA_3tdzikSxvsLpfHtmu1?X-Nexus-New-Client=true&X-Nexus-Version=0.18.8&user_role=user' failed: Error in connection establishment: net::ERR_CONNECTION_TIMED_OUT @ https://js.intercomcdn.com/vendor-modern.60bbf292.js:1
[ 6852483ms] [ERROR] WebSocket connection to 'wss://nexus-websocket-a.intercom.io/pubsub/5-jMgvCARtjVNb8ZmyvR2t--8zNVPZrtNpFRJ4XQ6gqvB3eGQ3-8uMYg0lZfJfcA4pIHzhCCu0djx-4FXjA_3tdzikSxvsLpfHtmu1?X-Nexus-New-Client=true&X-Nexus-Version=0.18.8&user_role=user' failed: WebSocket opening handshake timed out @ https://js.intercomcdn.com/vendor-modern.60bbf292.js:1
[ 6942616ms] [ERROR] WebSocket connection to 'wss://nexus-websocket-a.intercom.io/pubsub/5-jMgvCARtjVNb8ZmyvR2t--8zNVPZrtNpFRJ4XQ6gqvB3eGQ3-8uMYg0lZfJfcA4pIHzhCCu0djx-4FXjA_3tdzikSxvsLpfHtmu1?X-Nexus-New-Client=true&X-Nexus-Version=0.18.8&user_role=user' failed: WebSocket opening handshake timed out @ https://js.intercomcdn.com/vendor-modern.60bbf292.js:1
[ 7800404ms] [ERROR] Failed to load resource: net::ERR_INTERNET_DISCONNECTED @ https://app.avest.fr/r/flags/?v=2&ip=0&_=1779963818303&ver=1.372.10&compression=base64:0
[ 8100404ms] [ERROR] Failed to load resource: net::ERR_INTERNET_DISCONNECTED @ https://app.avest.fr/r/flags/?v=2&ip=0&_=1779964118305&ver=1.372.10&compression=base64:0
[ 8400399ms] [ERROR] Failed to load resource: net::ERR_INTERNET_DISCONNECTED @ https://app.avest.fr/r/flags/?v=2&ip=0&_=1779964418302&ver=1.372.10&compression=base64:0
[ 8700398ms] [ERROR] Failed to load resource: net::ERR_INTERNET_DISCONNECTED @ https://app.avest.fr/r/flags/?v=2&ip=0&_=1779964718301&ver=1.372.10&compression=base64:0
[ 9000405ms] [ERROR] Failed to load resource: net::ERR_INTERNET_DISCONNECTED @ https://app.avest.fr/r/flags/?v=2&ip=0&_=1779965018306&ver=1.372.10&compression=base64:0
[ 9300399ms] [ERROR] Failed to load resource: net::ERR_INTERNET_DISCONNECTED @ https://app.avest.fr/r/flags/?v=2&ip=0&_=1779965318303&ver=1.372.10&compression=base64:0
[ 9600396ms] [ERROR] Failed to load resource: net::ERR_INTERNET_DISCONNECTED @ https://app.avest.fr/r/flags/?v=2&ip=0&_=1779965618300&ver=1.372.10&compression=base64:0
[ 9900397ms] [ERROR] Failed to load resource: net::ERR_INTERNET_DISCONNECTED @ https://app.avest.fr/r/flags/?v=2&ip=0&_=1779965918301&ver=1.372.10&compression=base64:0
[10200412ms] [ERROR] Failed to load resource: net::ERR_INTERNET_DISCONNECTED @ https://app.avest.fr/r/flags/?v=2&ip=0&_=1779966218303&ver=1.372.10&compression=base64:0
[10500398ms] [ERROR] Failed to load resource: net::ERR_INTERNET_DISCONNECTED @ https://app.avest.fr/r/flags/?v=2&ip=0&_=1779966518301&ver=1.372.10&compression=base64:0
[10800397ms] [ERROR] Failed to load resource: net::ERR_INTERNET_DISCONNECTED @ https://app.avest.fr/r/flags/?v=2&ip=0&_=1779966818301&ver=1.372.10&compression=base64:0
[11100401ms] [ERROR] Failed to load resource: net::ERR_INTERNET_DISCONNECTED @ https://app.avest.fr/r/flags/?v=2&ip=0&_=1779967118304&ver=1.372.10&compression=base64:0
[11400400ms] [ERROR] Failed to load resource: net::ERR_INTERNET_DISCONNECTED @ https://app.avest.fr/r/flags/?v=2&ip=0&_=1779967418301&ver=1.372.10&compression=base64:0
[27600399ms] [ERROR] Failed to load resource: net::ERR_INTERNET_DISCONNECTED @ https://app.avest.fr/r/flags/?v=2&ip=0&_=1779983618302&ver=1.372.10&compression=base64:0
[27900406ms] [ERROR] Failed to load resource: net::ERR_INTERNET_DISCONNECTED @ https://app.avest.fr/r/flags/?v=2&ip=0&_=1779983918303&ver=1.372.10&compression=base64:0
[28200400ms] [ERROR] Failed to load resource: net::ERR_INTERNET_DISCONNECTED @ https://app.avest.fr/r/flags/?v=2&ip=0&_=1779984218303&ver=1.372.10&compression=base64:0
[28500397ms] [ERROR] Failed to load resource: net::ERR_INTERNET_DISCONNECTED @ https://app.avest.fr/r/flags/?v=2&ip=0&_=1779984518301&ver=1.372.10&compression=base64:0
[28800404ms] [ERROR] Failed to load resource: net::ERR_INTERNET_DISCONNECTED @ https://app.avest.fr/r/flags/?v=2&ip=0&_=1779984818306&ver=1.372.10&compression=base64:0
[29100398ms] [ERROR] Failed to load resource: net::ERR_INTERNET_DISCONNECTED @ https://app.avest.fr/r/flags/?v=2&ip=0&_=1779985118301&ver=1.372.10&compression=base64:0
[29400397ms] [ERROR] Failed to load resource: net::ERR_INTERNET_DISCONNECTED @ https://app.avest.fr/r/flags/?v=2&ip=0&_=1779985418300&ver=1.372.10&compression=base64:0
[29700401ms] [ERROR] Failed to load resource: net::ERR_INTERNET_DISCONNECTED @ https://app.avest.fr/r/flags/?v=2&ip=0&_=1779985718304&ver=1.372.10&compression=base64:0
[30000399ms] [ERROR] Failed to load resource: net::ERR_INTERNET_DISCONNECTED @ https://app.avest.fr/r/flags/?v=2&ip=0&_=1779986018300&ver=1.372.10&compression=base64:0
[30300398ms] [ERROR] Failed to load resource: net::ERR_INTERNET_DISCONNECTED @ https://app.avest.fr/r/flags/?v=2&ip=0&_=1779986318301&ver=1.372.10&compression=base64:0
[30600396ms] [ERROR] Failed to load resource: net::ERR_INTERNET_DISCONNECTED @ https://app.avest.fr/r/flags/?v=2&ip=0&_=1779986618299&ver=1.372.10&compression=base64:0
[30900398ms] [ERROR] Failed to load resource: net::ERR_INTERNET_DISCONNECTED @ https://app.avest.fr/r/flags/?v=2&ip=0&_=1779986918301&ver=1.372.10&compression=base64:0
[31200401ms] [ERROR] Failed to load resource: net::ERR_INTERNET_DISCONNECTED @ https://app.avest.fr/r/flags/?v=2&ip=0&_=1779987218301&ver=1.372.10&compression=base64:0
[31500399ms] [ERROR] Failed to load resource: net::ERR_INTERNET_DISCONNECTED @ https://app.avest.fr/r/flags/?v=2&ip=0&_=1779987518303&ver=1.372.10&compression=base64:0
[31800397ms] [ERROR] Failed to load resource: net::ERR_INTERNET_DISCONNECTED @ https://app.avest.fr/r/flags/?v=2&ip=0&_=1779987818302&ver=1.372.10&compression=base64:0
[32100398ms] [ERROR] Failed to load resource: net::ERR_INTERNET_DISCONNECTED @ https://app.avest.fr/r/flags/?v=2&ip=0&_=1779988118301&ver=1.372.10&compression=base64:0
[32400400ms] [ERROR] Failed to load resource: net::ERR_INTERNET_DISCONNECTED @ https://app.avest.fr/r/flags/?v=2&ip=0&_=1779988418302&ver=1.372.10&compression=base64:0
[32700399ms] [ERROR] Failed to load resource: net::ERR_INTERNET_DISCONNECTED @ https://app.avest.fr/r/flags/?v=2&ip=0&_=1779988718301&ver=1.372.10&compression=base64:0
[33000400ms] [ERROR] Failed to load resource: net::ERR_INTERNET_DISCONNECTED @ https://app.avest.fr/r/flags/?v=2&ip=0&_=1779989018302&ver=1.372.10&compression=base64:0
[33300399ms] [ERROR] Failed to load resource: net::ERR_INTERNET_DISCONNECTED @ https://app.avest.fr/r/flags/?v=2&ip=0&_=1779989318300&ver=1.372.10&compression=base64:0
[33600399ms] [ERROR] Failed to load resource: net::ERR_INTERNET_DISCONNECTED @ https://app.avest.fr/r/flags/?v=2&ip=0&_=1779989618300&ver=1.372.10&compression=base64:0
[33900398ms] [ERROR] Failed to load resource: net::ERR_INTERNET_DISCONNECTED @ https://app.avest.fr/r/flags/?v=2&ip=0&_=1779989918300&ver=1.372.10&compression=base64:0
[34200404ms] [ERROR] Failed to load resource: net::ERR_INTERNET_DISCONNECTED @ https://app.avest.fr/r/flags/?v=2&ip=0&_=1779990218305&ver=1.372.10&compression=base64:0
[34500401ms] [ERROR] Failed to load resource: net::ERR_INTERNET_DISCONNECTED @ https://app.avest.fr/r/flags/?v=2&ip=0&_=1779990518300&ver=1.372.10&compression=base64:0
[34800399ms] [ERROR] Failed to load resource: net::ERR_INTERNET_DISCONNECTED @ https://app.avest.fr/r/flags/?v=2&ip=0&_=1779990818302&ver=1.372.10&compression=base64:0
[35100397ms] [ERROR] Failed to load resource: net::ERR_INTERNET_DISCONNECTED @ https://app.avest.fr/r/flags/?v=2&ip=0&_=1779991118301&ver=1.372.10&compression=base64:0
[36155099ms] [ERROR] Failed to load resource: net::ERR_NETWORK_CHANGED @ https://app.avest.fr/meta.json?cb=1779992171958:0
[36155099ms] [ERROR] TypeError: Failed to fetch
    at queryFn (https://app.avest.fr/index.1779894461.js:91:59883)
    at Object.r [as fn] (https://app.avest.fr/index.1779894461.js:10:49504)
    at _ (https://app.avest.fr/index.1779894461.js:10:43962) @ https://app.avest.fr/index.1779894461.js:90
[36155103ms] [ERROR] Failed to load resource: net::ERR_NETWORK_CHANGED @ https://api.avest.fr/v1/acquisition/6a17f8c99362c996f6e9711e/activities?activityView=files:0
[36155103ms] [ERROR] Failed to load resource: net::ERR_NETWORK_CHANGED @ https://api.avest.fr/v1/visit-receipts?filter%5Bacquisition%5D=6a17f8c99362c996f6e9711e:0
[36155103ms] [ERROR] Failed to load resource: net::ERR_NETWORK_CHANGED @ https://api.avest.fr/v1/acquisition/6a17f8c99362c996f6e9711e/visits?agencyGroup=69709812c0b6ac9d7a35154f&sortOrder=descending&sortField=lastUpdatedAt:0
[36155104ms] [ERROR] Failed to load resource: net::ERR_NETWORK_CHANGED @ https://api.avest.fr/v1/mailboxes:0
[36155104ms] [ERROR] Failed to load resource: net::ERR_NETWORK_CHANGED @ https://api.avest.fr/v1/websites:0
[36155104ms] [ERROR] Failed to load resource: net::ERR_NETWORK_CHANGED @ https://api.avest.fr/v1/agency/698cb2ce239dd6ab399bc522:0
[36155104ms] [ERROR] Failed to load resource: net::ERR_NETWORK_CHANGED @ https://api.avest.fr/v1/acquisition/6a17f8c99362c996f6e9711e/matching?steps=RDV,DLV,MND,OFR,AGT,MTG,SLD,TARC:0
[36155104ms] [ERROR] Failed to load resource: net::ERR_NETWORK_CHANGED @ https://api.avest.fr/v1/acquisition/6a17f8c99362c996f6e9711e/activities?activityView=pinned:0
[36155105ms] [ERROR] Failed to load resource: net::ERR_NETWORK_CHANGED @ https://api.avest.fr/v1/acquisition/6a17f8c99362c996f6e9711e/activities?activityView=activitySummary:0
[36155105ms] [ERROR] Failed to load resource: net::ERR_NETWORK_CHANGED @ https://api.avest.fr/v1/acquisition/6a17f8c99362c996f6e9711e/drive-links:0
[36155105ms] [ERROR] Failed to load resource: net::ERR_NETWORK_CHANGED @ https://api.avest.fr/v1/users?agencies=698cb2ce239dd6ab399bc522:0
[36155105ms] [ERROR] Failed to load resource: net::ERR_NETWORK_CHANGED @ https://api.avest.fr/v1/acquisition/6a17f8c99362c996f6e9711e/next-activities:0
[36155105ms] [ERROR] Failed to load resource: net::ERR_NETWORK_CHANGED @ https://api.avest.fr/v1/user/698202ef3c7adb8c3df2520a?displayOnly=true:0
[36155106ms] [ERROR] Failed to load resource: net::ERR_NETWORK_CHANGED @ https://api.avest.fr/v1/website?agency=698cb2ce239dd6ab399bc522:0
[36155106ms] [ERROR] Failed to load resource: net::ERR_NETWORK_CHANGED @ https://api.avest.fr/v1/account:0
[36155106ms] [ERROR] Failed to load resource: net::ERR_NETWORK_CHANGED @ https://api.avest.fr/v1/agencies?filter=%7B%22isActive%22:true%7D:0
[36155106ms] [ERROR] Failed to load resource: net::ERR_NETWORK_CHANGED @ https://api.avest.fr/v1/agency-groups:0
[36155106ms] [ERROR] Failed to load resource: net::ERR_NETWORK_CHANGED @ https://api.avest.fr/v1/acquisition/6a17f8c99362c996f6e9711e/other-projects:0
[36155106ms] [ERROR] Failed to load resource: net::ERR_NETWORK_CHANGED @ https://api.avest.fr/v1/sale-tags?agencies=698cb2ce239dd6ab399bc522:0
[36155106ms] [ERROR] Failed to load resource: net::ERR_NETWORK_CHANGED @ https://api.avest.fr/v1/rental-tags?agencies=698cb2ce239dd6ab399bc522:0
[36155107ms] [ERROR] Failed to load resource: net::ERR_NETWORK_CHANGED @ https://api.avest.fr/v1/acquisition-tags?agencies=698cb2ce239dd6ab399bc522:0
[36155107ms] [ERROR] Failed to load resource: net::ERR_NETWORK_CHANGED @ https://api.avest.fr/v1/transaction-activities?filter=%7B%22type%22:%22note%22,%22linkedDocument%22:%7B%22$in%22:%5B%226a17f8c99362c996f6e9711e%22,%226a17f8c836d4a414552724b9%22%5D%7D%7D&sortField=completionDate&sortOrder=descending:0
[36155107ms] [ERROR] Failed to load resource: net::ERR_NETWORK_CHANGED @ https://api.avest.fr/v1/acquisition/6a17f8c99362c996f6e9711e/activities?activityView=email:0
[36155107ms] [ERROR] Failed to load resource: net::ERR_NETWORK_CHANGED @ https://api.avest.fr/v1/acquisition/6a17f8c99362c996f6e9711e:0
[36155108ms] [ERROR] Failed to load resource: net::ERR_NETWORK_CHANGED @ https://api.avest.fr/v1/transactions/search?filter=%7B%7D&agencyGroup=69709812c0b6ac9d7a35154f&search=&saleIds%5B%5D=69e38dbc9ecc67b2d70cc31f&acquisitionIds%5B%5D=6a17e6859bb91d1947b47c38&acquisitionIds%5B%5D=6a17f8c99362c996f6e9711e:0
[36155237ms] [ERROR] Failed to load resource: net::ERR_INTERNET_DISCONNECTED @ https://api.avest.fr/v1/acquisition/6a17f8c99362c996f6e9711e/next-activities:0
[36155237ms] [ERROR] Failed to load resource: net::ERR_INTERNET_DISCONNECTED @ https://api.avest.fr/v1/users?agencies=698cb2ce239dd6ab399bc522:0
[36155238ms] [ERROR] Failed to load resource: net::ERR_INTERNET_DISCONNECTED @ https://api.avest.fr/v1/acquisition/6a17f8c99362c996f6e9711e/visits?agencyGroup=69709812c0b6ac9d7a35154f&sortOrder=descending&sortField=lastUpdatedAt:0
[36155238ms] [ERROR] Failed to load resource: net::ERR_INTERNET_DISCONNECTED @ https://api.avest.fr/v1/acquisition/6a17f8c99362c996f6e9711e/activities?activityView=files:0
[36155238ms] [ERROR] Failed to load resource: net::ERR_INTERNET_DISCONNECTED @ https://api.avest.fr/v1/visit-receipts?filter%5Bacquisition%5D=6a17f8c99362c996f6e9711e:0
[36155238ms] [ERROR] Failed to load resource: net::ERR_INTERNET_DISCONNECTED @ https://api.avest.fr/v1/acquisition-tags?agencies=698cb2ce239dd6ab399bc522:0
[36155239ms] [ERROR] Failed to load resource: net::ERR_INTERNET_DISCONNECTED @ https://api.avest.fr/v1/rental-tags?agencies=698cb2ce239dd6ab399bc522:0
[36155239ms] [ERROR] Failed to load resource: net::ERR_INTERNET_DISCONNECTED @ https://api.avest.fr/v1/transaction-activities?filter=%7B%22type%22:%22note%22,%22linkedDocument%22:%7B%22$in%22:%5B%226a17f8c99362c996f6e9711e%22,%226a17f8c836d4a414552724b9%22%5D%7D%7D&sortField=completionDate&sortOrder=descending:0
[36155241ms] [ERROR] Failed to load resource: net::ERR_INTERNET_DISCONNECTED @ https://api.avest.fr/v1/websites:0
[36155242ms] [ERROR] Failed to load resource: net::ERR_INTERNET_DISCONNECTED @ https://api.avest.fr/v1/mailboxes:0
[36155242ms] [ERROR] Failed to load resource: net::ERR_INTERNET_DISCONNECTED @ https://api.avest.fr/v1/acquisition/6a17f8c99362c996f6e9711e:0
[36155243ms] [ERROR] Failed to load resource: net::ERR_INTERNET_DISCONNECTED @ https://api.avest.fr/v1/acquisition/6a17f8c99362c996f6e9711e/activities?activityView=email:0
[36155243ms] [ERROR] Failed to load resource: net::ERR_INTERNET_DISCONNECTED @ https://api.avest.fr/v1/transactions/search?filter=%7B%7D&agencyGroup=69709812c0b6ac9d7a35154f&search=&saleIds%5B%5D=69e38dbc9ecc67b2d70cc31f&acquisitionIds%5B%5D=6a17e6859bb91d1947b47c38&acquisitionIds%5B%5D=6a17f8c99362c996f6e9711e:0
[36155244ms] [ERROR] Failed to load resource: net::ERR_INTERNET_DISCONNECTED @ https://api.avest.fr/v1/sale-tags?agencies=698cb2ce239dd6ab399bc522:0
[36155245ms] [ERROR] AxiosError: Network Error
    at w.onerror (https://app.avest.fr/index.1779894461.js:85:16122) @ https://app.avest.fr/index.1779894461.js:90
[36155245ms] [ERROR] Failed to load resource: net::ERR_INTERNET_DISCONNECTED @ https://api.avest.fr/v1/agency-groups:0
[36155245ms] [ERROR] Failed to load resource: net::ERR_INTERNET_DISCONNECTED @ https://api.avest.fr/v1/agencies?filter=%7B%22isActive%22:true%7D:0
[36155245ms] [ERROR] Failed to load resource: net::ERR_INTERNET_DISCONNECTED @ https://api.avest.fr/v1/acquisition/6a17f8c99362c996f6e9711e/other-projects:0
[36155248ms] [ERROR] Failed to load resource: net::ERR_INTERNET_DISCONNECTED @ https://api.avest.fr/v1/acquisition/6a17f8c99362c996f6e9711e/activities?activityView=activitySummary:0
[36155248ms] [ERROR] Failed to load resource: net::ERR_INTERNET_DISCONNECTED @ https://api.avest.fr/v1/acquisition/6a17f8c99362c996f6e9711e/drive-links:0
[36155248ms] [ERROR] Failed to load resource: net::ERR_INTERNET_DISCONNECTED @ https://api.avest.fr/v1/acquisition/6a17f8c99362c996f6e9711e/activities?activityView=pinned:0
[36155248ms] [ERROR] There is an error fetching the matching transactions AxiosError: Network Error
    at w.onerror (https://app.avest.fr/index.1779894461.js:85:16122)
    at tu.request (https://app.avest.fr/index.1779894461.js:87:2231)
    at async tu.request (https://app.avest.fr/index.1779894461.js:87:2135)
    at async queryFn (https://app.avest.fr/utils.17798944617.js:1:1167) @ https://app.avest.fr/utils.17798944617.js:0
[36155248ms] [ERROR] Failed to load resource: net::ERR_INTERNET_DISCONNECTED @ https://api.avest.fr/v1/acquisition/6a17f8c99362c996f6e9711e/matching?steps=RDV,DLV,MND,OFR,AGT,MTG,SLD,TARC:0
[36155249ms] [ERROR] Failed to load resource: net::ERR_INTERNET_DISCONNECTED @ https://api.avest.fr/v1/agency/698cb2ce239dd6ab399bc522:0
[36155249ms] [ERROR] Failed to load resource: net::ERR_INTERNET_DISCONNECTED @ https://api.avest.fr/v1/account:0
[36155249ms] [ERROR] AxiosError: Network Error
    at w.onerror (https://app.avest.fr/index.1779894461.js:85:16122) @ https://app.avest.fr/index.1779894461.js:90
[36155250ms] [ERROR] Failed to load resource: net::ERR_INTERNET_DISCONNECTED @ https://api.avest.fr/v1/user/698202ef3c7adb8c3df2520a?displayOnly=true:0
[36155250ms] [ERROR] Failed to load resource: net::ERR_INTERNET_DISCONNECTED @ https://api.avest.fr/v1/website?agency=698cb2ce239dd6ab399bc522:0
[37128808ms] [ERROR] Failed to load resource: net::ERR_NETWORK_CHANGED @ https://app.avest.fr/meta.json?cb=1779993145819:0
[37128809ms] [ERROR] TypeError: Failed to fetch
    at queryFn (https://app.avest.fr/index.1779894461.js:91:59883)
    at Object.r [as fn] (https://app.avest.fr/index.1779894461.js:10:49504)
    at _ (https://app.avest.fr/index.1779894461.js:10:43962)
    at Object.start (https://app.avest.fr/index.1779894461.js:10:44423)
    at xV.fetch (https://app.avest.fr/index.1779894461.js:10:50313)
    at #h (https://app.avest.fr/index.1779894461.js:10:54922)
    at $V.fetch (https://app.avest.fr/index.1779894461.js:10:54809)
    at $V.refetch (https://app.avest.fr/index.1779894461.js:10:54621)
    at xV.onOnline (https://app.avest.fr/index.1779894461.js:10:48171)
    at https://app.avest.fr/index.1779894461.js:10:66700 @ https://app.avest.fr/index.1779894461.js:90
[37128810ms] [ERROR] Failed to load resource: net::ERR_NETWORK_CHANGED @ https://api.avest.fr/v1/acquisition/6a17f8c99362c996f6e9711e/activities?activityView=activitySummary:0
[37128810ms] [ERROR] Failed to load resource: net::ERR_NETWORK_CHANGED @ https://api.avest.fr/v1/acquisition/6a17f8c99362c996f6e9711e/drive-links:0
[37128811ms] [ERROR] Failed to load resource: net::ERR_NETWORK_CHANGED @ https://api.avest.fr/v1/users?agencies=698cb2ce239dd6ab399bc522:0
[37128811ms] [ERROR] Failed to load resource: net::ERR_NETWORK_CHANGED @ https://api.avest.fr/v1/acquisition/6a17f8c99362c996f6e9711e/visits?agencyGroup=69709812c0b6ac9d7a35154f&sortOrder=descending&sortField=lastUpdatedAt:0
[37128812ms] [ERROR] Failed to load resource: net::ERR_NETWORK_CHANGED @ https://api.avest.fr/v1/acquisition/6a17f8c99362c996f6e9711e/matching?steps=RDV,DLV,MND,OFR,AGT,MTG,SLD,TARC:0
[37128812ms] [ERROR] Failed to load resource: net::ERR_NETWORK_CHANGED @ https://api.avest.fr/v1/acquisition/6a17f8c99362c996f6e9711e/activities?activityView=pinned:0
[37128813ms] [ERROR] Failed to load resource: net::ERR_NETWORK_CHANGED @ https://api.avest.fr/v1/visit-receipts?filter%5Bacquisition%5D=6a17f8c99362c996f6e9711e:0
[37128813ms] [ERROR] Failed to load resource: net::ERR_NETWORK_CHANGED @ https://api.avest.fr/v1/acquisition/6a17f8c99362c996f6e9711e/next-activities:0
[37128813ms] [ERROR] Failed to load resource: net::ERR_NETWORK_CHANGED @ https://api.avest.fr/v1/acquisition-tags?agencies=698cb2ce239dd6ab399bc522:0
[37128814ms] [ERROR] Failed to load resource: net::ERR_NETWORK_CHANGED @ https://api.avest.fr/v1/transaction-activities?filter=%7B%22type%22:%22note%22,%22linkedDocument%22:%7B%22$in%22:%5B%226a17f8c99362c996f6e9711e%22,%226a17f8c836d4a414552724b9%22%5D%7D%7D&sortField=completionDate&sortOrder=descending:0
[37128814ms] [ERROR] Failed to load resource: net::ERR_NETWORK_CHANGED @ https://api.avest.fr/v1/acquisition/6a17f8c99362c996f6e9711e/activities?activityView=email:0
[37128814ms] [ERROR] Failed to load resource: net::ERR_NETWORK_CHANGED @ https://api.avest.fr/v1/acquisition/6a17f8c99362c996f6e9711e/activities?activityView=files:0
[37128815ms] [ERROR] Failed to load resource: net::ERR_NETWORK_CHANGED @ https://api.avest.fr/v1/agencies?filter=%7B%22isActive%22:true%7D:0
[37128815ms] [ERROR] Failed to load resource: net::ERR_NETWORK_CHANGED @ https://api.avest.fr/v1/acquisition/6a17f8c99362c996f6e9711e:0
[37128815ms] [ERROR] Failed to load resource: net::ERR_NETWORK_CHANGED @ https://api.avest.fr/v1/transactions/search?filter=%7B%7D&agencyGroup=69709812c0b6ac9d7a35154f&search=&saleIds%5B%5D=69e38dbc9ecc67b2d70cc31f&acquisitionIds%5B%5D=6a17e6859bb91d1947b47c38&acquisitionIds%5B%5D=6a17f8c99362c996f6e9711e:0
[37128815ms] [ERROR] Failed to load resource: net::ERR_NETWORK_CHANGED @ https://api.avest.fr/v1/acquisition/6a17f8c99362c996f6e9711e/other-projects:0
[37128819ms] [ERROR] Failed to load resource: net::ERR_NETWORK_CHANGED @ https://api.avest.fr/v1/sale-tags?agencies=698cb2ce239dd6ab399bc522:0
[37128819ms] [ERROR] Failed to load resource: net::ERR_NETWORK_CHANGED @ https://api.avest.fr/v1/rental-tags?agencies=698cb2ce239dd6ab399bc522:0
[37128819ms] [ERROR] Failed to load resource: net::ERR_NETWORK_CHANGED @ https://api.avest.fr/v1/agency/698cb2ce239dd6ab399bc522:0
[37128819ms] [ERROR] Failed to load resource: net::ERR_NETWORK_CHANGED @ https://api.avest.fr/v1/website?agency=698cb2ce239dd6ab399bc522:0
[37128819ms] [ERROR] Failed to load resource: net::ERR_NETWORK_CHANGED @ https://api.avest.fr/v1/account:0
[37128820ms] [ERROR] Failed to load resource: net::ERR_NETWORK_CHANGED @ https://api.avest.fr/v1/agency-groups:0
[37128820ms] [ERROR] Failed to load resource: net::ERR_NETWORK_CHANGED @ https://api.avest.fr/v1/user/698202ef3c7adb8c3df2520a?displayOnly=true:0
[37128820ms] [ERROR] Failed to load resource: net::ERR_NETWORK_CHANGED @ https://api.avest.fr/v1/mailboxes:0
[37128820ms] [ERROR] Failed to load resource: net::ERR_NETWORK_CHANGED @ https://api.avest.fr/v1/websites:0
[37128960ms] [ERROR] Failed to load resource: net::ERR_INTERNET_DISCONNECTED @ https://api.avest.fr/v1/acquisition/6a17f8c99362c996f6e9711e:0
[37128961ms] [ERROR] Failed to load resource: net::ERR_INTERNET_DISCONNECTED @ https://api.avest.fr/v1/acquisition/6a17f8c99362c996f6e9711e/activities?activityView=files:0
[37128961ms] [ERROR] Failed to load resource: net::ERR_INTERNET_DISCONNECTED @ https://api.avest.fr/v1/agencies?filter=%7B%22isActive%22:true%7D:0
[37128961ms] [ERROR] Failed to load resource: net::ERR_INTERNET_DISCONNECTED @ https://api.avest.fr/v1/acquisition/6a17f8c99362c996f6e9711e/activities?activityView=email:0
[37128961ms] [ERROR] Failed to load resource: net::ERR_INTERNET_DISCONNECTED @ https://api.avest.fr/v1/acquisition-tags?agencies=698cb2ce239dd6ab399bc522:0
[37128961ms] [ERROR] Failed to load resource: net::ERR_INTERNET_DISCONNECTED @ https://api.avest.fr/v1/transaction-activities?filter=%7B%22type%22:%22note%22,%22linkedDocument%22:%7B%22$in%22:%5B%226a17f8c99362c996f6e9711e%22,%226a17f8c836d4a414552724b9%22%5D%7D%7D&sortField=completionDate&sortOrder=descending:0
[37128963ms] [ERROR] Failed to load resource: net::ERR_INTERNET_DISCONNECTED @ https://api.avest.fr/v1/acquisition/6a17f8c99362c996f6e9711e/next-activities:0
[37128963ms] [ERROR] Failed to load resource: net::ERR_INTERNET_DISCONNECTED @ https://api.avest.fr/v1/acquisition/6a17f8c99362c996f6e9711e/activities?activityView=pinned:0
[37128963ms] [ERROR] Failed to load resource: net::ERR_INTERNET_DISCONNECTED @ https://api.avest.fr/v1/visit-receipts?filter%5Bacquisition%5D=6a17f8c99362c996f6e9711e:0
[37128963ms] [ERROR] There is an error fetching the matching transactions AxiosError: Network Error
    at w.onerror (https://app.avest.fr/index.1779894461.js:85:16122)
    at tu.request (https://app.avest.fr/index.1779894461.js:87:2231)
    at async tu.request (https://app.avest.fr/index.1779894461.js:87:2135)
    at async queryFn (https://app.avest.fr/utils.17798944617.js:1:1167) @ https://app.avest.fr/utils.17798944617.js:0
[37128963ms] [ERROR] Failed to load resource: net::ERR_INTERNET_DISCONNECTED @ https://api.avest.fr/v1/acquisition/6a17f8c99362c996f6e9711e/matching?steps=RDV,DLV,MND,OFR,AGT,MTG,SLD,TARC:0
[37128963ms] [ERROR] Failed to load resource: net::ERR_INTERNET_DISCONNECTED @ https://api.avest.fr/v1/acquisition/6a17f8c99362c996f6e9711e/drive-links:0
[37128963ms] [ERROR] Failed to load resource: net::ERR_INTERNET_DISCONNECTED @ https://api.avest.fr/v1/websites:0
[37128963ms] [ERROR] Failed to load resource: net::ERR_INTERNET_DISCONNECTED @ https://api.avest.fr/v1/acquisition/6a17f8c99362c996f6e9711e/visits?agencyGroup=69709812c0b6ac9d7a35154f&sortOrder=descending&sortField=lastUpdatedAt:0
[37128963ms] [ERROR] Failed to load resource: net::ERR_INTERNET_DISCONNECTED @ https://api.avest.fr/v1/acquisition/6a17f8c99362c996f6e9711e/activities?activityView=activitySummary:0
[37128963ms] [ERROR] Failed to load resource: net::ERR_INTERNET_DISCONNECTED @ https://api.avest.fr/v1/users?agencies=698cb2ce239dd6ab399bc522:0
[37128964ms] [ERROR] Failed to load resource: net::ERR_INTERNET_DISCONNECTED @ https://api.avest.fr/v1/mailboxes:0
[37128965ms] [ERROR] AxiosError: Network Error
    at w.onerror (https://app.avest.fr/index.1779894461.js:85:16122) @ https://app.avest.fr/index.1779894461.js:90
[37128965ms] [ERROR] Failed to load resource: net::ERR_INTERNET_DISCONNECTED @ https://api.avest.fr/v1/user/698202ef3c7adb8c3df2520a?displayOnly=true:0
[37128965ms] [ERROR] AxiosError: Network Error
    at w.onerror (https://app.avest.fr/index.1779894461.js:85:16122) @ https://app.avest.fr/index.1779894461.js:90
[37128966ms] [ERROR] Failed to load resource: net::ERR_INTERNET_DISCONNECTED @ https://api.avest.fr/v1/agency-groups:0
[37128966ms] [ERROR] Failed to load resource: net::ERR_INTERNET_DISCONNECTED @ https://api.avest.fr/v1/agency/698cb2ce239dd6ab399bc522:0
[37128966ms] [ERROR] Failed to load resource: net::ERR_INTERNET_DISCONNECTED @ https://api.avest.fr/v1/website?agency=698cb2ce239dd6ab399bc522:0
[37128966ms] [ERROR] Failed to load resource: net::ERR_INTERNET_DISCONNECTED @ https://api.avest.fr/v1/account:0
[37128967ms] [ERROR] Failed to load resource: net::ERR_INTERNET_DISCONNECTED @ https://api.avest.fr/v1/rental-tags?agencies=698cb2ce239dd6ab399bc522:0
[37128969ms] [ERROR] Failed to load resource: net::ERR_INTERNET_DISCONNECTED @ https://api.avest.fr/v1/acquisition/6a17f8c99362c996f6e9711e/other-projects:0
[37128970ms] [ERROR] Failed to load resource: net::ERR_INTERNET_DISCONNECTED @ https://api.avest.fr/v1/transactions/search?filter=%7B%7D&agencyGroup=69709812c0b6ac9d7a35154f&search=&saleIds%5B%5D=69e38dbc9ecc67b2d70cc31f&acquisitionIds%5B%5D=6a17e6859bb91d1947b47c38&acquisitionIds%5B%5D=6a17f8c99362c996f6e9711e:0
[37128970ms] [ERROR] Failed to load resource: net::ERR_INTERNET_DISCONNECTED @ https://api.avest.fr/v1/sale-tags?agencies=698cb2ce239dd6ab399bc522:0
[37148812ms] [ERROR] WebSocket connection to 'wss://nexus-websocket-a.intercom.io/pubsub/5-jMgvCARtjVNb8ZmyvR2t--8zNVPZrtNpFRJ4XQ6gqvB3eGQ3-8uMYg0lZfJfcA4pIHzhCCu0djx-4FXjA_3tdzikSxvsLpfHtmu1?X-Nexus-New-Client=true&X-Nexus-Version=0.18.8&user_role=user' failed: Error in connection establishment: net::ERR_INTERNET_DISCONNECTED @ https://js.intercomcdn.com/vendor-modern.60bbf292.js:1
[37148849ms] [ERROR] WebSocket connection to 'wss://nexus-websocket-a.intercom.io/pubsub/5-jMgvCARtjVNb8ZmyvR2t--8zNVPZrtNpFRJ4XQ6gqvB3eGQ3-8uMYg0lZfJfcA4pIHzhCCu0djx-4FXjA_3tdzikSxvsLpfHtmu1?X-Nexus-New-Client=true&X-Nexus-Version=0.18.8&user_role=user' failed: Error in connection establishment: net::ERR_INTERNET_DISCONNECTED @ https://js.intercomcdn.com/vendor-modern.60bbf292.js:1
